// Jest Snapshot v1, https://goo.gl/fbAQLP

exports[`copies arrow function body block onto hidden class methods arguments.js 1`] = `
"\\"use strict\\";

var _createClass = function () { function defineProperties(target, props) { for (var i = 0; i < props.length; i++) { var descriptor = props[i]; descriptor.enumerable = descriptor.enumerable || false; descriptor.configurable = true; if (\\"value\\" in descriptor) descriptor.writable = true; Object.defineProperty(target, descriptor.key, descriptor); } } return function (Constructor, protoProps, staticProps) { if (protoProps) defineProperties(Constructor.prototype, protoProps); if (staticProps) defineProperties(Constructor, staticProps); return Constructor; }; }();

function _classCallCheck(instance, Constructor) { if (!(instance instanceof Constructor)) { throw new TypeError(\\"Cannot call a class as a function\\"); } }

var Foo = function () {
  function Foo() {
    var _arguments = arguments;

    _classCallCheck(this, Foo);

    this.bar = function (a, b) {
      _arguments;

      return a(b);
    };
  }

  _createClass(Foo, [{
    key: \\"__facade__regenerateByEval\\",
    value: function __facade__regenerateByEval(key, code) {
      this[key] = eval(code);
    }
  }, {
    key: \\"__facade__rewireSuper\\",
    value: function __facade__rewireSuper(superClass) {
      Foo = superClass;
    }
  }, {
    key: \\"__facade__regenerateByEval\\",
    value: function __facade__regenerateByEval(key, code) {
      this[key] = eval(code);
    }
  }, {
    key: \\"__facade__rewireSuper\\",
    value: function __facade__rewireSuper(superClass) {
      Foo = superClass;
    }
  }]);

  return Foo;
}();

;

var _temp = function () {
  if (typeof __REACT_HOT_LOADER__ === 'undefined') {
    return;
  }

  __REACT_HOT_LOADER__.register(Foo, \\"Foo\\", __FILENAME__);
}();

;"
`;

exports[`copies arrow function body block onto hidden class methods arrow function in constructor.js 1`] = `
"\\"use strict\\";

var _createClass = function () { function defineProperties(target, props) { for (var i = 0; i < props.length; i++) { var descriptor = props[i]; descriptor.enumerable = descriptor.enumerable || false; descriptor.configurable = true; if (\\"value\\" in descriptor) descriptor.writable = true; Object.defineProperty(target, descriptor.key, descriptor); } } return function (Constructor, protoProps, staticProps) { if (protoProps) defineProperties(Constructor.prototype, protoProps); if (staticProps) defineProperties(Constructor, staticProps); return Constructor; }; }();

function _classCallCheck(instance, Constructor) { if (!(instance instanceof Constructor)) { throw new TypeError(\\"Cannot call a class as a function\\"); } }

var Foo = function () {
  function Foo() {
    _classCallCheck(this, Foo);

    this.onClick = function (e) {
      return e.target.value;
    };
  }

  _createClass(Foo, [{
    key: \\"__facade__regenerateByEval\\",
    value: function __facade__regenerateByEval(key, code) {
      this[key] = eval(code);
    }
  }, {
    key: \\"__facade__rewireSuper\\",
    value: function __facade__rewireSuper(superClass) {
      Foo = superClass;
    }
  }, {
    key: \\"__facade__regenerateByEval\\",
    value: function __facade__regenerateByEval(key, code) {
      this[key] = eval(code);
    }
  }, {
    key: \\"__facade__rewireSuper\\",
    value: function __facade__rewireSuper(superClass) {
      Foo = superClass;
    }
  }]);

  return Foo;
}();

;

var _temp = function () {
  if (typeof __REACT_HOT_LOADER__ === 'undefined') {
    return;
  }

  __REACT_HOT_LOADER__.register(Foo, \\"Foo\\", __FILENAME__);
}();

;"
`;

exports[`copies arrow function body block onto hidden class methods async functions expression body.js 1`] = `
"\\"use strict\\";

var _createClass = function () { function defineProperties(target, props) { for (var i = 0; i < props.length; i++) { var descriptor = props[i]; descriptor.enumerable = descriptor.enumerable || false; descriptor.configurable = true; if (\\"value\\" in descriptor) descriptor.writable = true; Object.defineProperty(target, descriptor.key, descriptor); } } return function (Constructor, protoProps, staticProps) { if (protoProps) defineProperties(Constructor.prototype, protoProps); if (staticProps) defineProperties(Constructor, staticProps); return Constructor; }; }();

function _asyncToGenerator(fn) { return function () { var gen = fn.apply(this, arguments); return new Promise(function (resolve, reject) { function step(key, arg) { try { var info = gen[key](arg); var value = info.value; } catch (error) { reject(error); return; } if (info.done) { resolve(value); } else { return Promise.resolve(value).then(function (value) { step(\\"next\\", value); }, function (err) { step(\\"throw\\", err); }); } } return step(\\"next\\"); }); }; }

function _classCallCheck(instance, Constructor) { if (!(instance instanceof Constructor)) { throw new TypeError(\\"Cannot call a class as a function\\"); } }

var Foo = function () {
  function Foo() {
    var _this = this;

    _classCallCheck(this, Foo);

    this.bar = function () {
      var _ref = _asyncToGenerator( /*#__PURE__*/regeneratorRuntime.mark(function _callee(a, b) {
        return regeneratorRuntime.wrap(function _callee$(_context) {
          while (1) {
            switch (_context.prev = _context.next) {
              case 0:
                _context.next = 2;
                return b(a);

              case 2:
                return _context.abrupt(\\"return\\", _context.sent);

              case 3:
              case \\"end\\":
                return _context.stop();
            }
          }
        }, _callee, _this);
      }));

      return function (_x, _x2) {
        return _ref.apply(this, arguments);
      };
    }();
  }

  _createClass(Foo, [{
    key: \\"__facade__regenerateByEval\\",
    value: function __facade__regenerateByEval(key, code) {
      this[key] = eval(code);
    }
  }, {
    key: \\"__facade__rewireSuper\\",
    value: function __facade__rewireSuper(superClass) {
      Foo = superClass;
    }
  }, {
    key: \\"__facade__regenerateByEval\\",
    value: function __facade__regenerateByEval(key, code) {
      this[key] = eval(code);
    }
  }, {
    key: \\"__facade__rewireSuper\\",
    value: function __facade__rewireSuper(superClass) {
      Foo = superClass;
    }
  }]);

  return Foo;
}();

;

var _temp = function () {
  if (typeof __REACT_HOT_LOADER__ === 'undefined') {
    return;
  }

  __REACT_HOT_LOADER__.register(Foo, \\"Foo\\", __FILENAME__);
}();

;"
`;

exports[`copies arrow function body block onto hidden class methods async functions.js 1`] = `
"\\"use strict\\";

var _createClass = function () { function defineProperties(target, props) { for (var i = 0; i < props.length; i++) { var descriptor = props[i]; descriptor.enumerable = descriptor.enumerable || false; descriptor.configurable = true; if (\\"value\\" in descriptor) descriptor.writable = true; Object.defineProperty(target, descriptor.key, descriptor); } } return function (Constructor, protoProps, staticProps) { if (protoProps) defineProperties(Constructor.prototype, protoProps); if (staticProps) defineProperties(Constructor, staticProps); return Constructor; }; }();

function _asyncToGenerator(fn) { return function () { var gen = fn.apply(this, arguments); return new Promise(function (resolve, reject) { function step(key, arg) { try { var info = gen[key](arg); var value = info.value; } catch (error) { reject(error); return; } if (info.done) { resolve(value); } else { return Promise.resolve(value).then(function (value) { step(\\"next\\", value); }, function (err) { step(\\"throw\\", err); }); } } return step(\\"next\\"); }); }; }

function _classCallCheck(instance, Constructor) { if (!(instance instanceof Constructor)) { throw new TypeError(\\"Cannot call a class as a function\\"); } }

var Foo = function () {
  function Foo() {
    var _this = this;

    _classCallCheck(this, Foo);

    this.bar = function () {
      var _ref = _asyncToGenerator( /*#__PURE__*/regeneratorRuntime.mark(function _callee(a, b) {
        return regeneratorRuntime.wrap(function _callee$(_context) {
          while (1) {
            switch (_context.prev = _context.next) {
              case 0:
                _context.next = 2;
                return a(b);

              case 2:
                return _context.abrupt(\\"return\\", _context.sent);

              case 3:
              case \\"end\\":
                return _context.stop();
            }
          }
        }, _callee, _this);
      }));

      return function (_x, _x2) {
        return _ref.apply(this, arguments);
      };
    }();
  }

  _createClass(Foo, [{
    key: \\"__facade__regenerateByEval\\",
    value: function __facade__regenerateByEval(key, code) {
      this[key] = eval(code);
    }
  }, {
    key: \\"__facade__rewireSuper\\",
    value: function __facade__rewireSuper(superClass) {
      Foo = superClass;
    }
  }, {
    key: \\"__facade__regenerateByEval\\",
    value: function __facade__regenerateByEval(key, code) {
      this[key] = eval(code);
    }
  }, {
    key: \\"__facade__rewireSuper\\",
    value: function __facade__rewireSuper(superClass) {
      Foo = superClass;
    }
  }]);

  return Foo;
}();

;

var _temp = function () {
  if (typeof __REACT_HOT_LOADER__ === 'undefined') {
    return;
  }

  __REACT_HOT_LOADER__.register(Foo, \\"Foo\\", __FILENAME__);
}();

;"
`;

exports[`copies arrow function body block onto hidden class methods block body.js 1`] = `
"\\"use strict\\";

var _createClass = function () { function defineProperties(target, props) { for (var i = 0; i < props.length; i++) { var descriptor = props[i]; descriptor.enumerable = descriptor.enumerable || false; descriptor.configurable = true; if (\\"value\\" in descriptor) descriptor.writable = true; Object.defineProperty(target, descriptor.key, descriptor); } } return function (Constructor, protoProps, staticProps) { if (protoProps) defineProperties(Constructor.prototype, protoProps); if (staticProps) defineProperties(Constructor, staticProps); return Constructor; }; }();

function _classCallCheck(instance, Constructor) { if (!(instance instanceof Constructor)) { throw new TypeError(\\"Cannot call a class as a function\\"); } }

var Foo = function () {
  function Foo() {
    _classCallCheck(this, Foo);

    this.bar = function (a, b) {
      return a(b);
    };
  }

  _createClass(Foo, [{
    key: \\"__facade__regenerateByEval\\",
    value: function __facade__regenerateByEval(key, code) {
      this[key] = eval(code);
    }
  }, {
    key: \\"__facade__rewireSuper\\",
    value: function __facade__rewireSuper(superClass) {
      Foo = superClass;
    }
  }, {
    key: \\"__facade__regenerateByEval\\",
    value: function __facade__regenerateByEval(key, code) {
      this[key] = eval(code);
    }
  }, {
    key: \\"__facade__rewireSuper\\",
    value: function __facade__rewireSuper(superClass) {
      Foo = superClass;
    }
  }]);

  return Foo;
}();

;

var _temp = function () {
  if (typeof __REACT_HOT_LOADER__ === 'undefined') {
    return;
  }

  __REACT_HOT_LOADER__.register(Foo, \\"Foo\\", __FILENAME__);
}();

;"
`;

exports[`copies arrow function body block onto hidden class methods default params.js 1`] = `
"\\"use strict\\";

var _createClass = function () { function defineProperties(target, props) { for (var i = 0; i < props.length; i++) { var descriptor = props[i]; descriptor.enumerable = descriptor.enumerable || false; descriptor.configurable = true; if (\\"value\\" in descriptor) descriptor.writable = true; Object.defineProperty(target, descriptor.key, descriptor); } } return function (Constructor, protoProps, staticProps) { if (protoProps) defineProperties(Constructor.prototype, protoProps); if (staticProps) defineProperties(Constructor, staticProps); return Constructor; }; }();

function _classCallCheck(instance, Constructor) { if (!(instance instanceof Constructor)) { throw new TypeError(\\"Cannot call a class as a function\\"); } }

var Foo = function () {
  function Foo() {
    _classCallCheck(this, Foo);

    this.bar = function () {
      var a = arguments.length > 0 && arguments[0] !== undefined ? arguments[0] : \\"foo\\";

      return a + \\"bar\\";
    };
  }

  _createClass(Foo, [{
    key: \\"__facade__regenerateByEval\\",
    value: function __facade__regenerateByEval(key, code) {
      this[key] = eval(code);
    }
  }, {
    key: \\"__facade__rewireSuper\\",
    value: function __facade__rewireSuper(superClass) {
      Foo = superClass;
    }
  }, {
    key: \\"__facade__regenerateByEval\\",
    value: function __facade__regenerateByEval(key, code) {
      this[key] = eval(code);
    }
  }, {
    key: \\"__facade__rewireSuper\\",
    value: function __facade__rewireSuper(superClass) {
      Foo = superClass;
    }
  }]);

  return Foo;
}();

;

var _temp = function () {
  if (typeof __REACT_HOT_LOADER__ === 'undefined') {
    return;
  }

  __REACT_HOT_LOADER__.register(Foo, \\"Foo\\", __FILENAME__);
}();

;"
`;

exports[`copies arrow function body block onto hidden class methods destructured params.js 1`] = `
"\\"use strict\\";

var _createClass = function () { function defineProperties(target, props) { for (var i = 0; i < props.length; i++) { var descriptor = props[i]; descriptor.enumerable = descriptor.enumerable || false; descriptor.configurable = true; if (\\"value\\" in descriptor) descriptor.writable = true; Object.defineProperty(target, descriptor.key, descriptor); } } return function (Constructor, protoProps, staticProps) { if (protoProps) defineProperties(Constructor.prototype, protoProps); if (staticProps) defineProperties(Constructor, staticProps); return Constructor; }; }();

function _classCallCheck(instance, Constructor) { if (!(instance instanceof Constructor)) { throw new TypeError(\\"Cannot call a class as a function\\"); } }

var Foo = function () {
  function Foo() {
    _classCallCheck(this, Foo);

    this.bar = function (_ref, _ref2) {
      var a = _ref.a;
      var b = _ref2.b;

      return \\"\\" + a + b;
    };
  }

  _createClass(Foo, [{
    key: \\"__facade__regenerateByEval\\",
    value: function __facade__regenerateByEval(key, code) {
      this[key] = eval(code);
    }
  }, {
    key: \\"__facade__rewireSuper\\",
    value: function __facade__rewireSuper(superClass) {
      Foo = superClass;
    }
  }, {
    key: \\"__facade__regenerateByEval\\",
    value: function __facade__regenerateByEval(key, code) {
      this[key] = eval(code);
    }
  }, {
    key: \\"__facade__rewireSuper\\",
    value: function __facade__rewireSuper(superClass) {
      Foo = superClass;
    }
  }]);

  return Foo;
}();

;

var _temp = function () {
  if (typeof __REACT_HOT_LOADER__ === 'undefined') {
    return;
  }

  __REACT_HOT_LOADER__.register(Foo, \\"Foo\\", __FILENAME__);
}();

;"
`;

exports[`copies arrow function body block onto hidden class methods expression body.js 1`] = `
"\\"use strict\\";

var _createClass = function () { function defineProperties(target, props) { for (var i = 0; i < props.length; i++) { var descriptor = props[i]; descriptor.enumerable = descriptor.enumerable || false; descriptor.configurable = true; if (\\"value\\" in descriptor) descriptor.writable = true; Object.defineProperty(target, descriptor.key, descriptor); } } return function (Constructor, protoProps, staticProps) { if (protoProps) defineProperties(Constructor.prototype, protoProps); if (staticProps) defineProperties(Constructor, staticProps); return Constructor; }; }();

function _classCallCheck(instance, Constructor) { if (!(instance instanceof Constructor)) { throw new TypeError(\\"Cannot call a class as a function\\"); } }

var Foo = function () {
  function Foo() {
    _classCallCheck(this, Foo);

    this.onClick = function (e) {
      return e.target.value;
    };
  }

  _createClass(Foo, [{
    key: \\"__facade__regenerateByEval\\",
    value: function __facade__regenerateByEval(key, code) {
      this[key] = eval(code);
    }
  }, {
    key: \\"__facade__rewireSuper\\",
    value: function __facade__rewireSuper(superClass) {
      Foo = superClass;
    }
  }, {
    key: \\"__facade__regenerateByEval\\",
    value: function __facade__regenerateByEval(key, code) {
      this[key] = eval(code);
    }
  }, {
    key: \\"__facade__rewireSuper\\",
    value: function __facade__rewireSuper(superClass) {
      Foo = superClass;
    }
  }]);

  return Foo;
}();

;

var _temp = function () {
  if (typeof __REACT_HOT_LOADER__ === 'undefined') {
    return;
  }

  __REACT_HOT_LOADER__.register(Foo, \\"Foo\\", __FILENAME__);
}();

;"
`;

exports[`copies arrow function body block onto hidden class methods nested arguments.js 1`] = `
"\\"use strict\\";

var _createClass = function () { function defineProperties(target, props) { for (var i = 0; i < props.length; i++) { var descriptor = props[i]; descriptor.enumerable = descriptor.enumerable || false; descriptor.configurable = true; if (\\"value\\" in descriptor) descriptor.writable = true; Object.defineProperty(target, descriptor.key, descriptor); } } return function (Constructor, protoProps, staticProps) { if (protoProps) defineProperties(Constructor.prototype, protoProps); if (staticProps) defineProperties(Constructor, staticProps); return Constructor; }; }();

function _classCallCheck(instance, Constructor) { if (!(instance instanceof Constructor)) { throw new TypeError(\\"Cannot call a class as a function\\"); } }

var Foo = function () {
  function Foo() {
    var _arguments = arguments;

    _classCallCheck(this, Foo);

    this.bar = function (a, b) {
      (function () {
        _arguments;
      });

      return a(b);
    };
  }

  _createClass(Foo, [{
    key: \\"__facade__regenerateByEval\\",
    value: function __facade__regenerateByEval(key, code) {
      this[key] = eval(code);
    }
  }, {
    key: \\"__facade__rewireSuper\\",
    value: function __facade__rewireSuper(superClass) {
      Foo = superClass;
    }
  }, {
    key: \\"__facade__regenerateByEval\\",
    value: function __facade__regenerateByEval(key, code) {
      this[key] = eval(code);
    }
  }, {
    key: \\"__facade__rewireSuper\\",
    value: function __facade__rewireSuper(superClass) {
      Foo = superClass;
    }
  }]);

  return Foo;
}();

;

var _temp = function () {
  if (typeof __REACT_HOT_LOADER__ === 'undefined') {
    return;
  }

  __REACT_HOT_LOADER__.register(Foo, \\"Foo\\", __FILENAME__);
}();

;"
`;

exports[`copies arrow function body block onto hidden class methods nested new.target.js 1`] = `
"\\"use strict\\";

var _createClass = function () { function defineProperties(target, props) { for (var i = 0; i < props.length; i++) { var descriptor = props[i]; descriptor.enumerable = descriptor.enumerable || false; descriptor.configurable = true; if (\\"value\\" in descriptor) descriptor.writable = true; Object.defineProperty(target, descriptor.key, descriptor); } } return function (Constructor, protoProps, staticProps) { if (protoProps) defineProperties(Constructor.prototype, protoProps); if (staticProps) defineProperties(Constructor, staticProps); return Constructor; }; }();

function _classCallCheck(instance, Constructor) { if (!(instance instanceof Constructor)) { throw new TypeError(\\"Cannot call a class as a function\\"); } }

var Foo = function () {
  function Foo() {
    _classCallCheck(this, Foo);

    this.bar = function (a, b) {
      (function () {
        new.target;
      });

      return a(b);
    };
  }

  _createClass(Foo, [{
    key: \\"__facade__regenerateByEval\\",
    value: function __facade__regenerateByEval(key, code) {
      this[key] = eval(code);
    }
  }, {
    key: \\"__facade__rewireSuper\\",
    value: function __facade__rewireSuper(superClass) {
      Foo = superClass;
    }
  }, {
    key: \\"__facade__regenerateByEval\\",
    value: function __facade__regenerateByEval(key, code) {
      this[key] = eval(code);
    }
  }, {
    key: \\"__facade__rewireSuper\\",
    value: function __facade__rewireSuper(superClass) {
      Foo = superClass;
    }
  }]);

  return Foo;
}();

;

var _temp = function () {
  if (typeof __REACT_HOT_LOADER__ === 'undefined') {
    return;
  }

  __REACT_HOT_LOADER__.register(Foo, \\"Foo\\", __FILENAME__);
}();

;"
`;

exports[`copies arrow function body block onto hidden class methods new.target.js 1`] = `
"\\"use strict\\";

var _createClass = function () { function defineProperties(target, props) { for (var i = 0; i < props.length; i++) { var descriptor = props[i]; descriptor.enumerable = descriptor.enumerable || false; descriptor.configurable = true; if (\\"value\\" in descriptor) descriptor.writable = true; Object.defineProperty(target, descriptor.key, descriptor); } } return function (Constructor, protoProps, staticProps) { if (protoProps) defineProperties(Constructor.prototype, protoProps); if (staticProps) defineProperties(Constructor, staticProps); return Constructor; }; }();

function _classCallCheck(instance, Constructor) { if (!(instance instanceof Constructor)) { throw new TypeError(\\"Cannot call a class as a function\\"); } }

var Foo = function () {
  function Foo() {
    _classCallCheck(this, Foo);

    this.bar = function (a, b) {
      new.target;

      return a(b);
    };
  }

  _createClass(Foo, [{
    key: \\"__facade__regenerateByEval\\",
    value: function __facade__regenerateByEval(key, code) {
      this[key] = eval(code);
    }
  }, {
    key: \\"__facade__rewireSuper\\",
    value: function __facade__rewireSuper(superClass) {
      Foo = superClass;
    }
  }, {
    key: \\"__facade__regenerateByEval\\",
    value: function __facade__regenerateByEval(key, code) {
      this[key] = eval(code);
    }
  }, {
    key: \\"__facade__rewireSuper\\",
    value: function __facade__rewireSuper(superClass) {
      Foo = superClass;
    }
  }]);

  return Foo;
}();

;

var _temp = function () {
  if (typeof __REACT_HOT_LOADER__ === 'undefined') {
    return;
  }

  __REACT_HOT_LOADER__.register(Foo, \\"Foo\\", __FILENAME__);
}();

;"
`;

exports[`copies arrow function body block onto hidden class methods not a function.js 1`] = `
"\\"use strict\\";

var _createClass = function () { function defineProperties(target, props) { for (var i = 0; i < props.length; i++) { var descriptor = props[i]; descriptor.enumerable = descriptor.enumerable || false; descriptor.configurable = true; if (\\"value\\" in descriptor) descriptor.writable = true; Object.defineProperty(target, descriptor.key, descriptor); } } return function (Constructor, protoProps, staticProps) { if (protoProps) defineProperties(Constructor.prototype, protoProps); if (staticProps) defineProperties(Constructor, staticProps); return Constructor; }; }();

function _classCallCheck(instance, Constructor) { if (!(instance instanceof Constructor)) { throw new TypeError(\\"Cannot call a class as a function\\"); } }

var Foo = function () {
  function Foo() {
    _classCallCheck(this, Foo);

    this.bar = 2;
  }

  _createClass(Foo, [{
    key: \\"__facade__regenerateByEval\\",
    value: function __facade__regenerateByEval(key, code) {
      this[key] = eval(code);
    }
  }, {
    key: \\"__facade__rewireSuper\\",
    value: function __facade__rewireSuper(superClass) {
      Foo = superClass;
    }
  }, {
    key: \\"__facade__regenerateByEval\\",
    value: function __facade__regenerateByEval(key, code) {
      this[key] = eval(code);
    }
  }, {
    key: \\"__facade__rewireSuper\\",
    value: function __facade__rewireSuper(superClass) {
      Foo = superClass;
    }
  }]);

  return Foo;
}();

;

var _temp = function () {
  if (typeof __REACT_HOT_LOADER__ === 'undefined') {
    return;
  }

  __REACT_HOT_LOADER__.register(Foo, \\"Foo\\", __FILENAME__);
}();

;"
`;

exports[`copies arrow function body block onto hidden class methods not an arrow function.js 1`] = `
"\\"use strict\\";

var _createClass = function () { function defineProperties(target, props) { for (var i = 0; i < props.length; i++) { var descriptor = props[i]; descriptor.enumerable = descriptor.enumerable || false; descriptor.configurable = true; if (\\"value\\" in descriptor) descriptor.writable = true; Object.defineProperty(target, descriptor.key, descriptor); } } return function (Constructor, protoProps, staticProps) { if (protoProps) defineProperties(Constructor.prototype, protoProps); if (staticProps) defineProperties(Constructor, staticProps); return Constructor; }; }();

function _classCallCheck(instance, Constructor) { if (!(instance instanceof Constructor)) { throw new TypeError(\\"Cannot call a class as a function\\"); } }

var Foo = function () {
  function Foo() {
    _classCallCheck(this, Foo);

    this.bar = function (a, b) {
      return a(b);
    };
  }

  _createClass(Foo, [{
    key: \\"__facade__regenerateByEval\\",
    value: function __facade__regenerateByEval(key, code) {
      this[key] = eval(code);
    }
  }, {
    key: \\"__facade__rewireSuper\\",
    value: function __facade__rewireSuper(superClass) {
      Foo = superClass;
    }
  }, {
    key: \\"__facade__regenerateByEval\\",
    value: function __facade__regenerateByEval(key, code) {
      this[key] = eval(code);
    }
  }, {
    key: \\"__facade__rewireSuper\\",
    value: function __facade__rewireSuper(superClass) {
      Foo = superClass;
    }
  }]);

  return Foo;
}();

;

var _temp = function () {
  if (typeof __REACT_HOT_LOADER__ === 'undefined') {
    return;
  }

  __REACT_HOT_LOADER__.register(Foo, \\"Foo\\", __FILENAME__);
}();

;"
`;

exports[`copies arrow function body block onto hidden class methods same name as class method.js 1`] = `
"\\"use strict\\";

var _createClass = function () { function defineProperties(target, props) { for (var i = 0; i < props.length; i++) { var descriptor = props[i]; descriptor.enumerable = descriptor.enumerable || false; descriptor.configurable = true; if (\\"value\\" in descriptor) descriptor.writable = true; Object.defineProperty(target, descriptor.key, descriptor); } } return function (Constructor, protoProps, staticProps) { if (protoProps) defineProperties(Constructor.prototype, protoProps); if (staticProps) defineProperties(Constructor, staticProps); return Constructor; }; }();

function _classCallCheck(instance, Constructor) { if (!(instance instanceof Constructor)) { throw new TypeError(\\"Cannot call a class as a function\\"); } }

var Foo = function () {
  function Foo() {
    _classCallCheck(this, Foo);

    this.bar = function (a, b) {
      return a(b);
    };
  }

  _createClass(Foo, [{
    key: \\"bar\\",
    value: function bar() {
      return 2;
    }
  }, {
    key: \\"__facade__regenerateByEval\\",
    value: function __facade__regenerateByEval(key, code) {
      this[key] = eval(code);
    }
  }, {
    key: \\"__facade__rewireSuper\\",
    value: function __facade__rewireSuper(superClass) {
      Foo = superClass;
    }
  }, {
    key: \\"__facade__regenerateByEval\\",
    value: function __facade__regenerateByEval(key, code) {
      this[key] = eval(code);
    }
  }, {
    key: \\"__facade__rewireSuper\\",
    value: function __facade__rewireSuper(superClass) {
      Foo = superClass;
    }
  }]);

  return Foo;
}();

;

var _temp = function () {
  if (typeof __REACT_HOT_LOADER__ === 'undefined') {
    return;
  }

  __REACT_HOT_LOADER__.register(Foo, \\"Foo\\", __FILENAME__);
}();

;"
`;

exports[`copies arrow function body block onto hidden class methods static property.js 1`] = `
"\\"use strict\\";

var _createClass = function () { function defineProperties(target, props) { for (var i = 0; i < props.length; i++) { var descriptor = props[i]; descriptor.enumerable = descriptor.enumerable || false; descriptor.configurable = true; if (\\"value\\" in descriptor) descriptor.writable = true; Object.defineProperty(target, descriptor.key, descriptor); } } return function (Constructor, protoProps, staticProps) { if (protoProps) defineProperties(Constructor.prototype, protoProps); if (staticProps) defineProperties(Constructor, staticProps); return Constructor; }; }();

function _classCallCheck(instance, Constructor) { if (!(instance instanceof Constructor)) { throw new TypeError(\\"Cannot call a class as a function\\"); } }

var Foo = function () {
  function Foo() {
    _classCallCheck(this, Foo);
  }

  _createClass(Foo, [{
    key: \\"__facade__regenerateByEval\\",
    value: function __facade__regenerateByEval(key, code) {
      this[key] = eval(code);
    }
  }, {
    key: \\"__facade__rewireSuper\\",
    value: function __facade__rewireSuper(superClass) {
      Foo = superClass;
    }
  }, {
    key: \\"__facade__regenerateByEval\\",
    value: function __facade__regenerateByEval(key, code) {
      this[key] = eval(code);
    }
  }, {
    key: \\"__facade__rewireSuper\\",
    value: function __facade__rewireSuper(superClass) {
      Foo = superClass;
    }
  }]);

  return Foo;
}();

Foo.bar = function (a, b) {
  return a(b);
};

;

var _temp = function () {
  if (typeof __REACT_HOT_LOADER__ === 'undefined') {
    return;
  }

  __REACT_HOT_LOADER__.register(Foo, \\"Foo\\", __FILENAME__);
}();

;"
`;

exports[`tags potential React components bindings.js 1`] = `
"\\"use strict\\";

Object.defineProperty(exports, \\"__esModule\\", {
  value: true
});
exports.C = undefined;

var _createClass = function () { function defineProperties(target, props) { for (var i = 0; i < props.length; i++) { var descriptor = props[i]; descriptor.enumerable = descriptor.enumerable || false; descriptor.configurable = true; if (\\"value\\" in descriptor) descriptor.writable = true; Object.defineProperty(target, descriptor.key, descriptor); } } return function (Constructor, protoProps, staticProps) { if (protoProps) defineProperties(Constructor.prototype, protoProps); if (staticProps) defineProperties(Constructor, staticProps); return Constructor; }; }();

var _leftPad = require(\\"left-pad\\");

var _leftPad2 = _interopRequireDefault(_leftPad);

function _interopRequireDefault(obj) { return obj && obj.__esModule ? obj : { default: obj }; }

function _classCallCheck(instance, Constructor) { if (!(instance instanceof Constructor)) { throw new TypeError(\\"Cannot call a class as a function\\"); } }

var A = 42;
function B() {
  function R() {}

  var S = function () {
    function S() {
      _classCallCheck(this, S);
    }

    _createClass(S, [{
      key: \\"__facade__regenerateByEval\\",
      value: function __facade__regenerateByEval(key, code) {
        this[key] = eval(code);
      }
    }, {
      key: \\"__facade__rewireSuper\\",
      value: function __facade__rewireSuper(superClass) {
        S = superClass;
      }
    }, {
      key: \\"__facade__regenerateByEval\\",
      value: function __facade__regenerateByEval(key, code) {
        this[key] = eval(code);
      }
    }, {
      key: \\"__facade__rewireSuper\\",
      value: function __facade__rewireSuper(superClass) {
        S = superClass;
      }
    }]);

    return S;
  }();

  var T = 42;
}

var C = exports.C = function () {
  function C() {
    _classCallCheck(this, C);
  }

  _createClass(C, [{
    key: \\"U\\",
    value: function U() {
      function V() {
        var W = function () {
          function W() {
            _classCallCheck(this, W);
          }

          _createClass(W, [{
            key: \\"__facade__regenerateByEval\\",
            value: function __facade__regenerateByEval(key, code) {
              this[key] = eval(code);
            }
          }, {
            key: \\"__facade__rewireSuper\\",
            value: function __facade__rewireSuper(superClass) {
              W = superClass;
            }
          }, {
            key: \\"__facade__regenerateByEval\\",
            value: function __facade__regenerateByEval(key, code) {
              this[key] = eval(code);
            }
          }, {
            key: \\"__facade__rewireSuper\\",
            value: function __facade__rewireSuper(superClass) {
              W = superClass;
            }
          }]);

          return W;
        }();
      }
    }
  }, {
    key: \\"__facade__regenerateByEval\\",
    value: function __facade__regenerateByEval(key, code) {
      this[key] = eval(code);
    }
  }, {
    key: \\"__facade__rewireSuper\\",
    value: function __facade__rewireSuper(superClass) {
      C = superClass;
    }
  }, {
    key: \\"__facade__regenerateByEval\\",
    value: function __facade__regenerateByEval(key, code) {
      this[key] = eval(code);
    }
  }, {
    key: \\"__facade__rewireSuper\\",
    value: function __facade__rewireSuper(superClass) {
      C = superClass;
    }
  }]);

  return C;
}();

var D = function () {
  function X() {
    _classCallCheck(this, X);
  }

  _createClass(X, [{
    key: \\"__facade__regenerateByEval\\",
    value: function __facade__regenerateByEval(key, code) {
      this[key] = eval(code);
    }
  }, {
    key: \\"__facade__rewireSuper\\",
    value: function __facade__rewireSuper(superClass) {
      X = superClass;
    }
  }]);

  return X;
}();
var E = D;
var Y = require(\\"left-pad\\");

var _require = require(\\"left-pad\\"),
    Z = _require.Z;

var _default = React.createClass({
  displayName: \\"_default\\"
});

exports.default = _default;
;

var _temp = function () {
  if (typeof __REACT_HOT_LOADER__ === 'undefined') {
    return;
  }

  __REACT_HOT_LOADER__.register(A, \\"A\\", __FILENAME__);

  __REACT_HOT_LOADER__.register(B, \\"B\\", __FILENAME__);

  __REACT_HOT_LOADER__.register(C, \\"C\\", __FILENAME__);

  __REACT_HOT_LOADER__.register(D, \\"D\\", __FILENAME__);

  __REACT_HOT_LOADER__.register(E, \\"E\\", __FILENAME__);

  __REACT_HOT_LOADER__.register(_default, \\"default\\", __FILENAME__);
}();

;"
`;

exports[`tags potential React components counter.js 1`] = `
"\\"use strict\\";

Object.defineProperty(exports, \\"__esModule\\", {
  value: true
});

var _createClass = function () { function defineProperties(target, props) { for (var i = 0; i < props.length; i++) { var descriptor = props[i]; descriptor.enumerable = descriptor.enumerable || false; descriptor.configurable = true; if (\\"value\\" in descriptor) descriptor.writable = true; Object.defineProperty(target, descriptor.key, descriptor); } } return function (Constructor, protoProps, staticProps) { if (protoProps) defineProperties(Constructor.prototype, protoProps); if (staticProps) defineProperties(Constructor, staticProps); return Constructor; }; }();

function _classCallCheck(instance, Constructor) { if (!(instance instanceof Constructor)) { throw new TypeError(\\"Cannot call a class as a function\\"); } }

var Counter = function () {
  function Counter() {
    _classCallCheck(this, Counter);
  }

  _createClass(Counter, [{
    key: \\"__facade__regenerateByEval\\",
    value: function __facade__regenerateByEval(key, code) {
      this[key] = eval(code);
    }
  }, {
    key: \\"__facade__rewireSuper\\",
    value: function __facade__rewireSuper(superClass) {
      Counter = superClass;
    }
  }, {
    key: \\"__facade__regenerateByEval\\",
    value: function __facade__regenerateByEval(key, code) {
      this[key] = eval(code);
    }
  }, {
    key: \\"__facade__rewireSuper\\",
    value: function __facade__rewireSuper(superClass) {
      Counter = superClass;
    }
  }]);

  return Counter;
}();

var _default = function _default() {
  return React.createElement(
    \\"div\\",
    null,
    React.createElement(Counter, null)
  );
};

exports.default = _default;
;

var _temp = function () {
  if (typeof __REACT_HOT_LOADER__ === 'undefined') {
    return;
  }

  __REACT_HOT_LOADER__.register(Counter, \\"Counter\\", __FILENAME__);

  __REACT_HOT_LOADER__.register(_default, \\"default\\", __FILENAME__);
}();

;"
`;

exports[`tags potential React components issue 246.js 1`] = `
"\\"use strict\\";

Object.defineProperty(exports, \\"__esModule\\", {
  value: true
});
exports.spread = spread;
function spread() {
  for (var _len = arguments.length, args = Array(_len), _key = 0; _key < _len; _key++) {
    args[_key] = arguments[_key];
  }

  return args.push(1);
}
;

var _temp = function () {
  if (typeof __REACT_HOT_LOADER__ === 'undefined') {
    return;
  }

  __REACT_HOT_LOADER__.register(spread, \\"spread\\", __FILENAME__);
}();

;"
`;

exports[`tags potential React components name clash.js 1`] = `
"\\"use strict\\";

Object.defineProperty(exports, \\"__esModule\\", {
  value: true
});
var _default = 10;
var _default2 = 42;
exports.default = _default2;
;

var _temp = function () {
  if (typeof __REACT_HOT_LOADER__ === 'undefined') {
    return;
  }

  __REACT_HOT_LOADER__.register(_default, \\"_default\\", __FILENAME__);

  __REACT_HOT_LOADER__.register(_default2, \\"default\\", __FILENAME__);
}();

;"
`;
